VCD info: dumpfile saida.vcd opened for output.
Erro no dado: dado esperado 07, dado recebido 04
tb.v:40: $finish called at 22000 (1ps)
